0x12
0x12
0x12
0x12
0x12
0x34
0x12
0x12
0x12
0x12
0x12
0x34
0x12
0x12
0x12
0x12
0x34
0x12
0x12
0x12
0x12
0x12
0x34
0x12
0x12
0x12
0x12
0x12
0x34
0x12
0x12
0x12
0x12
0x34
0x12
0x12
0x12
0x12
0x12
0x34
0x12
0x12
0x12
0x12
0x12
0x34
0x12
0x12
0x12
0x12
0x34
0x12
0x12
0x12
0x12
0x12
0x34
0x12
0x12
0x12
0x12
0x12
0x34
0x12
0x12
0x12
0x12
0x34
0x12
0x12
0x12
0x12
0x12
0x34
0x12
0x12
0x12
0x12
0x12
0x34
0x12
0x12
0x12
0x12
0x34
0x12
0x12
0x12
0x12
0x12
0x34
0x12
0x12
0x12
0x12
0x12
0x34
0x12
0x12
0x12
0x12
0x34
0x12
0x12
0x12
0x12
0x12
0x34
0x12
0x12
0x12
0x12
0x12
0x34
0x12
0x12
0x12
0x12
0x34
0x12
0x12
0x12
0x12
0x12
0x34
0x12
0x12
0x12
0x12
0x12
0x34
0x12
0x12
0x12
0x12
0x34
0x12
0x12
0x12
0x12
0x12
0x34
0x12
0x12
