booting
loading memory from file
a0000000 3c02a000
a0000004 8c420048
a0000008 000218c3
a000000c 00431004
a0000010 3c01a000
a0000014 ac220048
a0000018 3c02a000
a000001c 9042004c
a0000020 3c03a000
a0000024 8c630048
a0000028 00431806
a000002c 24020001
a0000030 3c01a000
a0000034 00220821
a0000038 a023004c
a000003c 3c02a000
a0000040 8c42004c
a0000044 0000000c
a0000048 aa001005
a000004c ffffff8e

fetch instr @ 0xa0000000 (10100000000000000000000000000000)
Mem[0x00000000] :  0x3c02a000 (00111100000000101010000000000000)
001111 | 00000 | 00010 | 1010000000000000
LUI      rs: 0   rt: 2   imm:0xa000
R[ 2] <= 0xa0000000 (10100000000000000000000000000000)

fetch instr @ 0xa0000004 (10100000000000000000000000000100)
Mem[0x00000004] :  0x8c420048 (10001100010000100000000001001000)
100011 | 00010 | 00010 | 0000000001001000
LW       rs: 2   rt: 2   imm:0x0048
R[ 2] :  0xa0000000 (10100000000000000000000000000000)
alu_a <= 0xa0000000 (10100000000000000000000000000000)
alu_b <= 0x00000048 (00000000000000000000000001001000)
alu_r :  0xa0000048 (10100000000000000000000001001000)
Mem[0x00000048] :  0xaa001005 (10101010000000000001000000000101)
R[ 2] <= 0xaa001005 (10101010000000000001000000000101)

fetch instr @ 0xa0000008 (10100000000000000000000000001000)
Mem[0x00000008] :  0x000218c3 (00000000000000100001100011000011)
000000 | 00000 | 00010 | 00011 | 00011 | 000011
SPECIAL  rs: 0   rt: 2   rd: 3   sa: 3   SRA    
R[ 2] :  0xaa001005 (10101010000000000001000000000101)
alu_a <= 0x00000003 (00000000000000000000000000000011)
alu_b <= 0xaa001005 (10101010000000000001000000000101)
alu_r :  0xf5400200 (11110101010000000000001000000000)
R[ 3] <= 0xf5400200 (11110101010000000000001000000000)

fetch instr @ 0xa000000c (10100000000000000000000000001100)
Mem[0x0000000c] :  0x00431004 (00000000010000110001000000000100)
000000 | 00010 | 00011 | 00010 | 00000 | 000100
SPECIAL  rs: 2   rt: 3   rd: 2   sa: 0   SLLV   
R[ 2] :  0xaa001005 (10101010000000000001000000000101)
R[ 3] :  0xf5400200 (11110101010000000000001000000000)
alu_a <= 0xaa001005 (10101010000000000001000000000101)
alu_b <= 0xf5400200 (11110101010000000000001000000000)
alu_r :  0xa8004000 (10101000000000000100000000000000)
R[ 2] <= 0xa8004000 (10101000000000000100000000000000)

fetch instr @ 0xa0000010 (10100000000000000000000000010000)
Mem[0x00000010] :  0x3c01a000 (00111100000000011010000000000000)
001111 | 00000 | 00001 | 1010000000000000
LUI      rs: 0   rt: 1   imm:0xa000
R[ 1] <= 0xa0000000 (10100000000000000000000000000000)

fetch instr @ 0xa0000014 (10100000000000000000000000010100)
Mem[0x00000014] :  0xac220048 (10101100001000100000000001001000)
101011 | 00001 | 00010 | 0000000001001000
SW       rs: 1   rt: 2   imm:0x0048
R[ 1] :  0xa0000000 (10100000000000000000000000000000)
R[ 2] :  0xa8004000 (10101000000000000100000000000000)
alu_a <= 0xa0000000 (10100000000000000000000000000000)
alu_b <= 0x00000048 (00000000000000000000000001001000)
alu_r :  0xa0000048 (10100000000000000000000001001000)
Mem[0x00000048] <= 0xa8004000 (10101000000000000100000000000000)

fetch instr @ 0xa0000018 (10100000000000000000000000011000)
Mem[0x00000018] :  0x3c02a000 (00111100000000101010000000000000)
001111 | 00000 | 00010 | 1010000000000000
LUI      rs: 0   rt: 2   imm:0xa000
R[ 2] <= 0xa0000000 (10100000000000000000000000000000)

fetch instr @ 0xa000001c (10100000000000000000000000011100)
Mem[0x0000001c] :  0x9042004c (10010000010000100000000001001100)
100100 | 00010 | 00010 | 0000000001001100
LBU      rs: 2   rt: 2   imm:0x004c
R[ 2] :  0xa0000000 (10100000000000000000000000000000)
alu_a <= 0xa0000000 (10100000000000000000000000000000)
alu_b <= 0x0000004c (00000000000000000000000001001100)
alu_r :  0xa000004c (10100000000000000000000001001100)
Mem[0x0000004c] :  0x8e (10001110)
R[ 2] <= 0x0000008e (00000000000000000000000010001110)

fetch instr @ 0xa0000020 (10100000000000000000000000100000)
Mem[0x00000020] :  0x3c03a000 (00111100000000111010000000000000)
001111 | 00000 | 00011 | 1010000000000000
LUI      rs: 0   rt: 3   imm:0xa000
R[ 3] <= 0xa0000000 (10100000000000000000000000000000)

fetch instr @ 0xa0000024 (10100000000000000000000000100100)
Mem[0x00000024] :  0x8c630048 (10001100011000110000000001001000)
100011 | 00011 | 00011 | 0000000001001000
LW       rs: 3   rt: 3   imm:0x0048
R[ 3] :  0xa0000000 (10100000000000000000000000000000)
alu_a <= 0xa0000000 (10100000000000000000000000000000)
alu_b <= 0x00000048 (00000000000000000000000001001000)
alu_r :  0xa0000048 (10100000000000000000000001001000)
Mem[0x00000048] :  0xa8004000 (10101000000000000100000000000000)
R[ 3] <= 0xa8004000 (10101000000000000100000000000000)

fetch instr @ 0xa0000028 (10100000000000000000000000101000)
Mem[0x00000028] :  0x00431806 (00000000010000110001100000000110)
000000 | 00010 | 00011 | 00011 | 00000 | 000110
SPECIAL  rs: 2   rt: 3   rd: 3   sa: 0   SRLV   
R[ 2] :  0x0000008e (00000000000000000000000010001110)
R[ 3] :  0xa8004000 (10101000000000000100000000000000)
alu_a <= 0x0000008e (00000000000000000000000010001110)
alu_b <= 0xa8004000 (10101000000000000100000000000000)
alu_r :  0x0002a001 (00000000000000101010000000000001)
R[ 3] <= 0x0002a001 (00000000000000101010000000000001)

fetch instr @ 0xa000002c (10100000000000000000000000101100)
Mem[0x0000002c] :  0x24020001 (00100100000000100000000000000001)
001001 | 00000 | 00010 | 0000000000000001
ADDIU    rs: 0   rt: 2   imm:0x0001
R[ 0] :  0x00000000 (00000000000000000000000000000000)
alu_a <= 0x00000000 (00000000000000000000000000000000)
alu_b <= 0x00000001 (00000000000000000000000000000001)
alu_r :  0x00000001 (00000000000000000000000000000001)
R[ 2] <= 0x00000001 (00000000000000000000000000000001)

fetch instr @ 0xa0000030 (10100000000000000000000000110000)
Mem[0x00000030] :  0x3c01a000 (00111100000000011010000000000000)
001111 | 00000 | 00001 | 1010000000000000
LUI      rs: 0   rt: 1   imm:0xa000
R[ 1] <= 0xa0000000 (10100000000000000000000000000000)

fetch instr @ 0xa0000034 (10100000000000000000000000110100)
Mem[0x00000034] :  0x00220821 (00000000001000100000100000100001)
000000 | 00001 | 00010 | 00001 | 00000 | 100001
SPECIAL  rs: 1   rt: 2   rd: 1   sa: 0   ADDU   
R[ 1] :  0xa0000000 (10100000000000000000000000000000)
R[ 2] :  0x00000001 (00000000000000000000000000000001)
alu_a <= 0xa0000000 (10100000000000000000000000000000)
alu_b <= 0x00000001 (00000000000000000000000000000001)
alu_r :  0xa0000001 (10100000000000000000000000000001)
R[ 1] <= 0xa0000001 (10100000000000000000000000000001)

fetch instr @ 0xa0000038 (10100000000000000000000000111000)
Mem[0x00000038] :  0xa023004c (10100000001000110000000001001100)
101000 | 00001 | 00011 | 0000000001001100
SB       rs: 1   rt: 3   imm:0x004c
R[ 1] :  0xa0000001 (10100000000000000000000000000001)
R[ 3] :  0x0002a001 (00000000000000101010000000000001)
alu_a <= 0xa0000001 (10100000000000000000000000000001)
alu_b <= 0x0000004c (00000000000000000000000001001100)
alu_r :  0xa000004d (10100000000000000000000001001101)
Mem[0x0000004d] <= 0x01 (00000001)

fetch instr @ 0xa000003c (10100000000000000000000000111100)
Mem[0x0000003c] :  0x3c02a000 (00111100000000101010000000000000)
001111 | 00000 | 00010 | 1010000000000000
LUI      rs: 0   rt: 2   imm:0xa000
R[ 2] <= 0xa0000000 (10100000000000000000000000000000)

fetch instr @ 0xa0000040 (10100000000000000000000001000000)
Mem[0x00000040] :  0x8c42004c (10001100010000100000000001001100)
100011 | 00010 | 00010 | 0000000001001100
LW       rs: 2   rt: 2   imm:0x004c
R[ 2] :  0xa0000000 (10100000000000000000000000000000)
alu_a <= 0xa0000000 (10100000000000000000000000000000)
alu_b <= 0x0000004c (00000000000000000000000001001100)
alu_r :  0xa000004c (10100000000000000000000001001100)
Mem[0x0000004c] :  0xffff018e (11111111111111110000000110001110)
R[ 2] <= 0xffff018e (11111111111111110000000110001110)

fetch instr @ 0xa0000044 (10100000000000000000000001000100)
Mem[0x00000044] :  0x0000000c (00000000000000000000000000001100)
000000 | 00000 | 00000 | 00000 | 00000 | 001100
SPECIAL  rs: 0   rt: 0   rd: 0   sa: 0   SYSCALL
halt
