0xff
0xff
0xff
0xee
0xcd
0x1c
0x00
0x00
0x00
0x00
0x00
0x11
0xcd
0x1c
0x00
0x00
