booting
loading memory from file
a0000000 08000004
a0000004 00000000
a0000008 08000000
a000000c 00000000
a0000010 3c04bfd0
a0000014 348403f8
a0000018 24020030
a000001c 24030008
a0000020 00431821
a0000024 ac830000
a0000028 2463ffff
a000002c 00621823
a0000030 0461fffb
a0000034 00000000
a0000038 2405000a
a000003c ac850000
a0000040 0000000c

fetch instr @ 0xa0000000 (10100000000000000000000000000000)
MMU[0xa0000000] :  0x00000000
Mem[0x00000000] :  0x08000004 (00001000000000000000000000000100)
000010 | 00000000000000000000000100
J        instr_index:0x0000004

fetch instr @ 0xa0000010 (10100000000000000000000000010000)
MMU[0xa0000010] :  0x00000010
Mem[0x00000010] :  0x3c04bfd0 (00111100000001001011111111010000)
001111 | 00000 | 00100 | 1011111111010000
LUI      rs: 0   rt: 4   imm:0xbfd0
R[ 4] <= 0xbfd00000 (10111111110100000000000000000000)

fetch instr @ 0xa0000014 (10100000000000000000000000010100)
MMU[0xa0000014] :  0x00000014
Mem[0x00000014] :  0x348403f8 (00110100100001000000001111111000)
001101 | 00100 | 00100 | 0000001111111000
ORI      rs: 4   rt: 4   imm:0x03f8
R[ 4] :  0xbfd00000 (10111111110100000000000000000000)
alu_a <= 0xbfd00000 (10111111110100000000000000000000)
alu_b <= 0x000003f8 (00000000000000000000001111111000)
alu_r :  0xbfd003f8 (10111111110100000000001111111000)
R[ 4] <= 0xbfd003f8 (10111111110100000000001111111000)

fetch instr @ 0xa0000018 (10100000000000000000000000011000)
MMU[0xa0000018] :  0x00000018
Mem[0x00000018] :  0x24020030 (00100100000000100000000000110000)
001001 | 00000 | 00010 | 0000000000110000
ADDIU    rs: 0   rt: 2   imm:0x0030
R[ 0] :  0x00000000 (00000000000000000000000000000000)
alu_a <= 0x00000000 (00000000000000000000000000000000)
alu_b <= 0x00000030 (00000000000000000000000000110000)
alu_r :  0x00000030 (00000000000000000000000000110000)
R[ 2] <= 0x00000030 (00000000000000000000000000110000)

fetch instr @ 0xa000001c (10100000000000000000000000011100)
MMU[0xa000001c] :  0x0000001c
Mem[0x0000001c] :  0x24030008 (00100100000000110000000000001000)
001001 | 00000 | 00011 | 0000000000001000
ADDIU    rs: 0   rt: 3   imm:0x0008
R[ 0] :  0x00000000 (00000000000000000000000000000000)
alu_a <= 0x00000000 (00000000000000000000000000000000)
alu_b <= 0x00000008 (00000000000000000000000000001000)
alu_r :  0x00000008 (00000000000000000000000000001000)
R[ 3] <= 0x00000008 (00000000000000000000000000001000)

fetch instr @ 0xa0000020 (10100000000000000000000000100000)
MMU[0xa0000020] :  0x00000020
Mem[0x00000020] :  0x00431821 (00000000010000110001100000100001)
000000 | 00010 | 00011 | 00011 | 00000 | 100001
SPECIAL  rs: 2   rt: 3   rd: 3   sa: 0   ADDU   
R[ 2] :  0x00000030 (00000000000000000000000000110000)
R[ 3] :  0x00000008 (00000000000000000000000000001000)
alu_a <= 0x00000030 (00000000000000000000000000110000)
alu_b <= 0x00000008 (00000000000000000000000000001000)
alu_r :  0x00000038 (00000000000000000000000000111000)
R[ 3] <= 0x00000038 (00000000000000000000000000111000)

fetch instr @ 0xa0000024 (10100000000000000000000000100100)
MMU[0xa0000024] :  0x00000024
Mem[0x00000024] :  0xac830000 (10101100100000110000000000000000)
101011 | 00100 | 00011 | 0000000000000000
SW       rs: 4   rt: 3   imm:0x0000
R[ 4] :  0xbfd003f8 (10111111110100000000001111111000)
R[ 3] :  0x00000038 (00000000000000000000000000111000)
alu_a <= 0xbfd003f8 (10111111110100000000001111111000)
alu_b <= 0x00000000 (00000000000000000000000000000000)
alu_r :  0xbfd003f8 (10111111110100000000001111111000)
MMU[0xbfd003f8] :  0x1fd003f8
Mem[0x1fd003f8] <= 0x38 (00111000)

fetch instr @ 0xa0000028 (10100000000000000000000000101000)
MMU[0xa0000028] :  0x00000028
Mem[0x00000028] :  0x2463ffff (00100100011000111111111111111111)
001001 | 00011 | 00011 | 1111111111111111
ADDIU    rs: 3   rt: 3   imm:0xffff
R[ 3] :  0x00000038 (00000000000000000000000000111000)
alu_a <= 0x00000038 (00000000000000000000000000111000)
alu_b <= 0xffffffff (11111111111111111111111111111111)
alu_r :  0x00000037 (00000000000000000000000000110111)
R[ 3] <= 0x00000037 (00000000000000000000000000110111)

fetch instr @ 0xa000002c (10100000000000000000000000101100)
MMU[0xa000002c] :  0x0000002c
Mem[0x0000002c] :  0x00621823 (00000000011000100001100000100011)
000000 | 00011 | 00010 | 00011 | 00000 | 100011
SPECIAL  rs: 3   rt: 2   rd: 3   sa: 0   SUBU   
R[ 3] :  0x00000037 (00000000000000000000000000110111)
R[ 2] :  0x00000030 (00000000000000000000000000110000)
alu_a <= 0x00000037 (00000000000000000000000000110111)
alu_b <= 0x00000030 (00000000000000000000000000110000)
alu_r :  0x00000007 (00000000000000000000000000000111)
R[ 3] <= 0x00000007 (00000000000000000000000000000111)

fetch instr @ 0xa0000030 (10100000000000000000000000110000)
MMU[0xa0000030] :  0x00000030
Mem[0x00000030] :  0x0461fffb (00000100011000011111111111111011)
000001 | 00011 | 00001 | 1111111111111011
REGIMMH  rs: 3   BGEZ    imm:0xfffb
R[ 3] :  0x00000007 (00000000000000000000000000000111)

fetch instr @ 0xa0000020 (10100000000000000000000000100000)
MMU[0xa0000020] :  0x00000020
Mem[0x00000020] :  0x00431821 (00000000010000110001100000100001)
000000 | 00010 | 00011 | 00011 | 00000 | 100001
SPECIAL  rs: 2   rt: 3   rd: 3   sa: 0   ADDU   
R[ 2] :  0x00000030 (00000000000000000000000000110000)
R[ 3] :  0x00000007 (00000000000000000000000000000111)
alu_a <= 0x00000030 (00000000000000000000000000110000)
alu_b <= 0x00000007 (00000000000000000000000000000111)
alu_r :  0x00000037 (00000000000000000000000000110111)
R[ 3] <= 0x00000037 (00000000000000000000000000110111)

fetch instr @ 0xa0000024 (10100000000000000000000000100100)
MMU[0xa0000024] :  0x00000024
Mem[0x00000024] :  0xac830000 (10101100100000110000000000000000)
101011 | 00100 | 00011 | 0000000000000000
SW       rs: 4   rt: 3   imm:0x0000
R[ 4] :  0xbfd003f8 (10111111110100000000001111111000)
R[ 3] :  0x00000037 (00000000000000000000000000110111)
alu_a <= 0xbfd003f8 (10111111110100000000001111111000)
alu_b <= 0x00000000 (00000000000000000000000000000000)
alu_r :  0xbfd003f8 (10111111110100000000001111111000)
MMU[0xbfd003f8] :  0x1fd003f8
Mem[0x1fd003f8] <= 0x37 (00110111)

fetch instr @ 0xa0000028 (10100000000000000000000000101000)
MMU[0xa0000028] :  0x00000028
Mem[0x00000028] :  0x2463ffff (00100100011000111111111111111111)
001001 | 00011 | 00011 | 1111111111111111
ADDIU    rs: 3   rt: 3   imm:0xffff
R[ 3] :  0x00000037 (00000000000000000000000000110111)
alu_a <= 0x00000037 (00000000000000000000000000110111)
alu_b <= 0xffffffff (11111111111111111111111111111111)
alu_r :  0x00000036 (00000000000000000000000000110110)
R[ 3] <= 0x00000036 (00000000000000000000000000110110)

fetch instr @ 0xa000002c (10100000000000000000000000101100)
MMU[0xa000002c] :  0x0000002c
Mem[0x0000002c] :  0x00621823 (00000000011000100001100000100011)
000000 | 00011 | 00010 | 00011 | 00000 | 100011
SPECIAL  rs: 3   rt: 2   rd: 3   sa: 0   SUBU   
R[ 3] :  0x00000036 (00000000000000000000000000110110)
R[ 2] :  0x00000030 (00000000000000000000000000110000)
alu_a <= 0x00000036 (00000000000000000000000000110110)
alu_b <= 0x00000030 (00000000000000000000000000110000)
alu_r :  0x00000006 (00000000000000000000000000000110)
R[ 3] <= 0x00000006 (00000000000000000000000000000110)

fetch instr @ 0xa0000030 (10100000000000000000000000110000)
MMU[0xa0000030] :  0x00000030
Mem[0x00000030] :  0x0461fffb (00000100011000011111111111111011)
000001 | 00011 | 00001 | 1111111111111011
REGIMMH  rs: 3   BGEZ    imm:0xfffb
R[ 3] :  0x00000006 (00000000000000000000000000000110)

fetch instr @ 0xa0000020 (10100000000000000000000000100000)
MMU[0xa0000020] :  0x00000020
Mem[0x00000020] :  0x00431821 (00000000010000110001100000100001)
000000 | 00010 | 00011 | 00011 | 00000 | 100001
SPECIAL  rs: 2   rt: 3   rd: 3   sa: 0   ADDU   
R[ 2] :  0x00000030 (00000000000000000000000000110000)
R[ 3] :  0x00000006 (00000000000000000000000000000110)
alu_a <= 0x00000030 (00000000000000000000000000110000)
alu_b <= 0x00000006 (00000000000000000000000000000110)
alu_r :  0x00000036 (00000000000000000000000000110110)
R[ 3] <= 0x00000036 (00000000000000000000000000110110)

fetch instr @ 0xa0000024 (10100000000000000000000000100100)
MMU[0xa0000024] :  0x00000024
Mem[0x00000024] :  0xac830000 (10101100100000110000000000000000)
101011 | 00100 | 00011 | 0000000000000000
SW       rs: 4   rt: 3   imm:0x0000
R[ 4] :  0xbfd003f8 (10111111110100000000001111111000)
R[ 3] :  0x00000036 (00000000000000000000000000110110)
alu_a <= 0xbfd003f8 (10111111110100000000001111111000)
alu_b <= 0x00000000 (00000000000000000000000000000000)
alu_r :  0xbfd003f8 (10111111110100000000001111111000)
MMU[0xbfd003f8] :  0x1fd003f8
Mem[0x1fd003f8] <= 0x36 (00110110)

fetch instr @ 0xa0000028 (10100000000000000000000000101000)
MMU[0xa0000028] :  0x00000028
Mem[0x00000028] :  0x2463ffff (00100100011000111111111111111111)
001001 | 00011 | 00011 | 1111111111111111
ADDIU    rs: 3   rt: 3   imm:0xffff
R[ 3] :  0x00000036 (00000000000000000000000000110110)
alu_a <= 0x00000036 (00000000000000000000000000110110)
alu_b <= 0xffffffff (11111111111111111111111111111111)
alu_r :  0x00000035 (00000000000000000000000000110101)
R[ 3] <= 0x00000035 (00000000000000000000000000110101)

fetch instr @ 0xa000002c (10100000000000000000000000101100)
MMU[0xa000002c] :  0x0000002c
Mem[0x0000002c] :  0x00621823 (00000000011000100001100000100011)
000000 | 00011 | 00010 | 00011 | 00000 | 100011
SPECIAL  rs: 3   rt: 2   rd: 3   sa: 0   SUBU   
R[ 3] :  0x00000035 (00000000000000000000000000110101)
R[ 2] :  0x00000030 (00000000000000000000000000110000)
alu_a <= 0x00000035 (00000000000000000000000000110101)
alu_b <= 0x00000030 (00000000000000000000000000110000)
alu_r :  0x00000005 (00000000000000000000000000000101)
R[ 3] <= 0x00000005 (00000000000000000000000000000101)

fetch instr @ 0xa0000030 (10100000000000000000000000110000)
MMU[0xa0000030] :  0x00000030
Mem[0x00000030] :  0x0461fffb (00000100011000011111111111111011)
000001 | 00011 | 00001 | 1111111111111011
REGIMMH  rs: 3   BGEZ    imm:0xfffb
R[ 3] :  0x00000005 (00000000000000000000000000000101)

fetch instr @ 0xa0000020 (10100000000000000000000000100000)
MMU[0xa0000020] :  0x00000020
Mem[0x00000020] :  0x00431821 (00000000010000110001100000100001)
000000 | 00010 | 00011 | 00011 | 00000 | 100001
SPECIAL  rs: 2   rt: 3   rd: 3   sa: 0   ADDU   
R[ 2] :  0x00000030 (00000000000000000000000000110000)
R[ 3] :  0x00000005 (00000000000000000000000000000101)
alu_a <= 0x00000030 (00000000000000000000000000110000)
alu_b <= 0x00000005 (00000000000000000000000000000101)
alu_r :  0x00000035 (00000000000000000000000000110101)
R[ 3] <= 0x00000035 (00000000000000000000000000110101)

fetch instr @ 0xa0000024 (10100000000000000000000000100100)
MMU[0xa0000024] :  0x00000024
Mem[0x00000024] :  0xac830000 (10101100100000110000000000000000)
101011 | 00100 | 00011 | 0000000000000000
SW       rs: 4   rt: 3   imm:0x0000
R[ 4] :  0xbfd003f8 (10111111110100000000001111111000)
R[ 3] :  0x00000035 (00000000000000000000000000110101)
alu_a <= 0xbfd003f8 (10111111110100000000001111111000)
alu_b <= 0x00000000 (00000000000000000000000000000000)
alu_r :  0xbfd003f8 (10111111110100000000001111111000)
MMU[0xbfd003f8] :  0x1fd003f8
Mem[0x1fd003f8] <= 0x35 (00110101)

fetch instr @ 0xa0000028 (10100000000000000000000000101000)
MMU[0xa0000028] :  0x00000028
Mem[0x00000028] :  0x2463ffff (00100100011000111111111111111111)
001001 | 00011 | 00011 | 1111111111111111
ADDIU    rs: 3   rt: 3   imm:0xffff
R[ 3] :  0x00000035 (00000000000000000000000000110101)
alu_a <= 0x00000035 (00000000000000000000000000110101)
alu_b <= 0xffffffff (11111111111111111111111111111111)
alu_r :  0x00000034 (00000000000000000000000000110100)
R[ 3] <= 0x00000034 (00000000000000000000000000110100)

fetch instr @ 0xa000002c (10100000000000000000000000101100)
MMU[0xa000002c] :  0x0000002c
Mem[0x0000002c] :  0x00621823 (00000000011000100001100000100011)
000000 | 00011 | 00010 | 00011 | 00000 | 100011
SPECIAL  rs: 3   rt: 2   rd: 3   sa: 0   SUBU   
R[ 3] :  0x00000034 (00000000000000000000000000110100)
R[ 2] :  0x00000030 (00000000000000000000000000110000)
alu_a <= 0x00000034 (00000000000000000000000000110100)
alu_b <= 0x00000030 (00000000000000000000000000110000)
alu_r :  0x00000004 (00000000000000000000000000000100)
R[ 3] <= 0x00000004 (00000000000000000000000000000100)

fetch instr @ 0xa0000030 (10100000000000000000000000110000)
MMU[0xa0000030] :  0x00000030
Mem[0x00000030] :  0x0461fffb (00000100011000011111111111111011)
000001 | 00011 | 00001 | 1111111111111011
REGIMMH  rs: 3   BGEZ    imm:0xfffb
R[ 3] :  0x00000004 (00000000000000000000000000000100)

fetch instr @ 0xa0000020 (10100000000000000000000000100000)
MMU[0xa0000020] :  0x00000020
Mem[0x00000020] :  0x00431821 (00000000010000110001100000100001)
000000 | 00010 | 00011 | 00011 | 00000 | 100001
SPECIAL  rs: 2   rt: 3   rd: 3   sa: 0   ADDU   
R[ 2] :  0x00000030 (00000000000000000000000000110000)
R[ 3] :  0x00000004 (00000000000000000000000000000100)
alu_a <= 0x00000030 (00000000000000000000000000110000)
alu_b <= 0x00000004 (00000000000000000000000000000100)
alu_r :  0x00000034 (00000000000000000000000000110100)
R[ 3] <= 0x00000034 (00000000000000000000000000110100)

fetch instr @ 0xa0000024 (10100000000000000000000000100100)
MMU[0xa0000024] :  0x00000024
Mem[0x00000024] :  0xac830000 (10101100100000110000000000000000)
101011 | 00100 | 00011 | 0000000000000000
SW       rs: 4   rt: 3   imm:0x0000
R[ 4] :  0xbfd003f8 (10111111110100000000001111111000)
R[ 3] :  0x00000034 (00000000000000000000000000110100)
alu_a <= 0xbfd003f8 (10111111110100000000001111111000)
alu_b <= 0x00000000 (00000000000000000000000000000000)
alu_r :  0xbfd003f8 (10111111110100000000001111111000)
MMU[0xbfd003f8] :  0x1fd003f8
Mem[0x1fd003f8] <= 0x34 (00110100)

fetch instr @ 0xa0000028 (10100000000000000000000000101000)
MMU[0xa0000028] :  0x00000028
Mem[0x00000028] :  0x2463ffff (00100100011000111111111111111111)
001001 | 00011 | 00011 | 1111111111111111
ADDIU    rs: 3   rt: 3   imm:0xffff
R[ 3] :  0x00000034 (00000000000000000000000000110100)
alu_a <= 0x00000034 (00000000000000000000000000110100)
alu_b <= 0xffffffff (11111111111111111111111111111111)
alu_r :  0x00000033 (00000000000000000000000000110011)
R[ 3] <= 0x00000033 (00000000000000000000000000110011)

fetch instr @ 0xa000002c (10100000000000000000000000101100)
MMU[0xa000002c] :  0x0000002c
Mem[0x0000002c] :  0x00621823 (00000000011000100001100000100011)
000000 | 00011 | 00010 | 00011 | 00000 | 100011
SPECIAL  rs: 3   rt: 2   rd: 3   sa: 0   SUBU   
R[ 3] :  0x00000033 (00000000000000000000000000110011)
R[ 2] :  0x00000030 (00000000000000000000000000110000)
alu_a <= 0x00000033 (00000000000000000000000000110011)
alu_b <= 0x00000030 (00000000000000000000000000110000)
alu_r :  0x00000003 (00000000000000000000000000000011)
R[ 3] <= 0x00000003 (00000000000000000000000000000011)

fetch instr @ 0xa0000030 (10100000000000000000000000110000)
MMU[0xa0000030] :  0x00000030
Mem[0x00000030] :  0x0461fffb (00000100011000011111111111111011)
000001 | 00011 | 00001 | 1111111111111011
REGIMMH  rs: 3   BGEZ    imm:0xfffb
R[ 3] :  0x00000003 (00000000000000000000000000000011)

fetch instr @ 0xa0000020 (10100000000000000000000000100000)
MMU[0xa0000020] :  0x00000020
Mem[0x00000020] :  0x00431821 (00000000010000110001100000100001)
000000 | 00010 | 00011 | 00011 | 00000 | 100001
SPECIAL  rs: 2   rt: 3   rd: 3   sa: 0   ADDU   
R[ 2] :  0x00000030 (00000000000000000000000000110000)
R[ 3] :  0x00000003 (00000000000000000000000000000011)
alu_a <= 0x00000030 (00000000000000000000000000110000)
alu_b <= 0x00000003 (00000000000000000000000000000011)
alu_r :  0x00000033 (00000000000000000000000000110011)
R[ 3] <= 0x00000033 (00000000000000000000000000110011)

fetch instr @ 0xa0000024 (10100000000000000000000000100100)
MMU[0xa0000024] :  0x00000024
Mem[0x00000024] :  0xac830000 (10101100100000110000000000000000)
101011 | 00100 | 00011 | 0000000000000000
SW       rs: 4   rt: 3   imm:0x0000
R[ 4] :  0xbfd003f8 (10111111110100000000001111111000)
R[ 3] :  0x00000033 (00000000000000000000000000110011)
alu_a <= 0xbfd003f8 (10111111110100000000001111111000)
alu_b <= 0x00000000 (00000000000000000000000000000000)
alu_r :  0xbfd003f8 (10111111110100000000001111111000)
MMU[0xbfd003f8] :  0x1fd003f8
Mem[0x1fd003f8] <= 0x33 (00110011)

fetch instr @ 0xa0000028 (10100000000000000000000000101000)
MMU[0xa0000028] :  0x00000028
Mem[0x00000028] :  0x2463ffff (00100100011000111111111111111111)
001001 | 00011 | 00011 | 1111111111111111
ADDIU    rs: 3   rt: 3   imm:0xffff
R[ 3] :  0x00000033 (00000000000000000000000000110011)
alu_a <= 0x00000033 (00000000000000000000000000110011)
alu_b <= 0xffffffff (11111111111111111111111111111111)
alu_r :  0x00000032 (00000000000000000000000000110010)
R[ 3] <= 0x00000032 (00000000000000000000000000110010)

fetch instr @ 0xa000002c (10100000000000000000000000101100)
MMU[0xa000002c] :  0x0000002c
Mem[0x0000002c] :  0x00621823 (00000000011000100001100000100011)
000000 | 00011 | 00010 | 00011 | 00000 | 100011
SPECIAL  rs: 3   rt: 2   rd: 3   sa: 0   SUBU   
R[ 3] :  0x00000032 (00000000000000000000000000110010)
R[ 2] :  0x00000030 (00000000000000000000000000110000)
alu_a <= 0x00000032 (00000000000000000000000000110010)
alu_b <= 0x00000030 (00000000000000000000000000110000)
alu_r :  0x00000002 (00000000000000000000000000000010)
R[ 3] <= 0x00000002 (00000000000000000000000000000010)

fetch instr @ 0xa0000030 (10100000000000000000000000110000)
MMU[0xa0000030] :  0x00000030
Mem[0x00000030] :  0x0461fffb (00000100011000011111111111111011)
000001 | 00011 | 00001 | 1111111111111011
REGIMMH  rs: 3   BGEZ    imm:0xfffb
R[ 3] :  0x00000002 (00000000000000000000000000000010)

fetch instr @ 0xa0000020 (10100000000000000000000000100000)
MMU[0xa0000020] :  0x00000020
Mem[0x00000020] :  0x00431821 (00000000010000110001100000100001)
000000 | 00010 | 00011 | 00011 | 00000 | 100001
SPECIAL  rs: 2   rt: 3   rd: 3   sa: 0   ADDU   
R[ 2] :  0x00000030 (00000000000000000000000000110000)
R[ 3] :  0x00000002 (00000000000000000000000000000010)
alu_a <= 0x00000030 (00000000000000000000000000110000)
alu_b <= 0x00000002 (00000000000000000000000000000010)
alu_r :  0x00000032 (00000000000000000000000000110010)
R[ 3] <= 0x00000032 (00000000000000000000000000110010)

fetch instr @ 0xa0000024 (10100000000000000000000000100100)
MMU[0xa0000024] :  0x00000024
Mem[0x00000024] :  0xac830000 (10101100100000110000000000000000)
101011 | 00100 | 00011 | 0000000000000000
SW       rs: 4   rt: 3   imm:0x0000
R[ 4] :  0xbfd003f8 (10111111110100000000001111111000)
R[ 3] :  0x00000032 (00000000000000000000000000110010)
alu_a <= 0xbfd003f8 (10111111110100000000001111111000)
alu_b <= 0x00000000 (00000000000000000000000000000000)
alu_r :  0xbfd003f8 (10111111110100000000001111111000)
MMU[0xbfd003f8] :  0x1fd003f8
Mem[0x1fd003f8] <= 0x32 (00110010)

fetch instr @ 0xa0000028 (10100000000000000000000000101000)
MMU[0xa0000028] :  0x00000028
Mem[0x00000028] :  0x2463ffff (00100100011000111111111111111111)
001001 | 00011 | 00011 | 1111111111111111
ADDIU    rs: 3   rt: 3   imm:0xffff
R[ 3] :  0x00000032 (00000000000000000000000000110010)
alu_a <= 0x00000032 (00000000000000000000000000110010)
alu_b <= 0xffffffff (11111111111111111111111111111111)
alu_r :  0x00000031 (00000000000000000000000000110001)
R[ 3] <= 0x00000031 (00000000000000000000000000110001)

fetch instr @ 0xa000002c (10100000000000000000000000101100)
MMU[0xa000002c] :  0x0000002c
Mem[0x0000002c] :  0x00621823 (00000000011000100001100000100011)
000000 | 00011 | 00010 | 00011 | 00000 | 100011
SPECIAL  rs: 3   rt: 2   rd: 3   sa: 0   SUBU   
R[ 3] :  0x00000031 (00000000000000000000000000110001)
R[ 2] :  0x00000030 (00000000000000000000000000110000)
alu_a <= 0x00000031 (00000000000000000000000000110001)
alu_b <= 0x00000030 (00000000000000000000000000110000)
alu_r :  0x00000001 (00000000000000000000000000000001)
R[ 3] <= 0x00000001 (00000000000000000000000000000001)

fetch instr @ 0xa0000030 (10100000000000000000000000110000)
MMU[0xa0000030] :  0x00000030
Mem[0x00000030] :  0x0461fffb (00000100011000011111111111111011)
000001 | 00011 | 00001 | 1111111111111011
REGIMMH  rs: 3   BGEZ    imm:0xfffb
R[ 3] :  0x00000001 (00000000000000000000000000000001)

fetch instr @ 0xa0000020 (10100000000000000000000000100000)
MMU[0xa0000020] :  0x00000020
Mem[0x00000020] :  0x00431821 (00000000010000110001100000100001)
000000 | 00010 | 00011 | 00011 | 00000 | 100001
SPECIAL  rs: 2   rt: 3   rd: 3   sa: 0   ADDU   
R[ 2] :  0x00000030 (00000000000000000000000000110000)
R[ 3] :  0x00000001 (00000000000000000000000000000001)
alu_a <= 0x00000030 (00000000000000000000000000110000)
alu_b <= 0x00000001 (00000000000000000000000000000001)
alu_r :  0x00000031 (00000000000000000000000000110001)
R[ 3] <= 0x00000031 (00000000000000000000000000110001)

fetch instr @ 0xa0000024 (10100000000000000000000000100100)
MMU[0xa0000024] :  0x00000024
Mem[0x00000024] :  0xac830000 (10101100100000110000000000000000)
101011 | 00100 | 00011 | 0000000000000000
SW       rs: 4   rt: 3   imm:0x0000
R[ 4] :  0xbfd003f8 (10111111110100000000001111111000)
R[ 3] :  0x00000031 (00000000000000000000000000110001)
alu_a <= 0xbfd003f8 (10111111110100000000001111111000)
alu_b <= 0x00000000 (00000000000000000000000000000000)
alu_r :  0xbfd003f8 (10111111110100000000001111111000)
MMU[0xbfd003f8] :  0x1fd003f8
Mem[0x1fd003f8] <= 0x31 (00110001)

fetch instr @ 0xa0000028 (10100000000000000000000000101000)
MMU[0xa0000028] :  0x00000028
Mem[0x00000028] :  0x2463ffff (00100100011000111111111111111111)
001001 | 00011 | 00011 | 1111111111111111
ADDIU    rs: 3   rt: 3   imm:0xffff
R[ 3] :  0x00000031 (00000000000000000000000000110001)
alu_a <= 0x00000031 (00000000000000000000000000110001)
alu_b <= 0xffffffff (11111111111111111111111111111111)
alu_r :  0x00000030 (00000000000000000000000000110000)
R[ 3] <= 0x00000030 (00000000000000000000000000110000)

fetch instr @ 0xa000002c (10100000000000000000000000101100)
MMU[0xa000002c] :  0x0000002c
Mem[0x0000002c] :  0x00621823 (00000000011000100001100000100011)
000000 | 00011 | 00010 | 00011 | 00000 | 100011
SPECIAL  rs: 3   rt: 2   rd: 3   sa: 0   SUBU   
R[ 3] :  0x00000030 (00000000000000000000000000110000)
R[ 2] :  0x00000030 (00000000000000000000000000110000)
alu_a <= 0x00000030 (00000000000000000000000000110000)
alu_b <= 0x00000030 (00000000000000000000000000110000)
alu_r :  0x00000000 (00000000000000000000000000000000)
R[ 3] <= 0x00000000 (00000000000000000000000000000000)

fetch instr @ 0xa0000030 (10100000000000000000000000110000)
MMU[0xa0000030] :  0x00000030
Mem[0x00000030] :  0x0461fffb (00000100011000011111111111111011)
000001 | 00011 | 00001 | 1111111111111011
REGIMMH  rs: 3   BGEZ    imm:0xfffb
R[ 3] :  0x00000000 (00000000000000000000000000000000)

fetch instr @ 0xa0000020 (10100000000000000000000000100000)
MMU[0xa0000020] :  0x00000020
Mem[0x00000020] :  0x00431821 (00000000010000110001100000100001)
000000 | 00010 | 00011 | 00011 | 00000 | 100001
SPECIAL  rs: 2   rt: 3   rd: 3   sa: 0   ADDU   
R[ 2] :  0x00000030 (00000000000000000000000000110000)
R[ 3] :  0x00000000 (00000000000000000000000000000000)
alu_a <= 0x00000030 (00000000000000000000000000110000)
alu_b <= 0x00000000 (00000000000000000000000000000000)
alu_r :  0x00000030 (00000000000000000000000000110000)
R[ 3] <= 0x00000030 (00000000000000000000000000110000)

fetch instr @ 0xa0000024 (10100000000000000000000000100100)
MMU[0xa0000024] :  0x00000024
Mem[0x00000024] :  0xac830000 (10101100100000110000000000000000)
101011 | 00100 | 00011 | 0000000000000000
SW       rs: 4   rt: 3   imm:0x0000
R[ 4] :  0xbfd003f8 (10111111110100000000001111111000)
R[ 3] :  0x00000030 (00000000000000000000000000110000)
alu_a <= 0xbfd003f8 (10111111110100000000001111111000)
alu_b <= 0x00000000 (00000000000000000000000000000000)
alu_r :  0xbfd003f8 (10111111110100000000001111111000)
MMU[0xbfd003f8] :  0x1fd003f8
Mem[0x1fd003f8] <= 0x30 (00110000)

fetch instr @ 0xa0000028 (10100000000000000000000000101000)
MMU[0xa0000028] :  0x00000028
Mem[0x00000028] :  0x2463ffff (00100100011000111111111111111111)
001001 | 00011 | 00011 | 1111111111111111
ADDIU    rs: 3   rt: 3   imm:0xffff
R[ 3] :  0x00000030 (00000000000000000000000000110000)
alu_a <= 0x00000030 (00000000000000000000000000110000)
alu_b <= 0xffffffff (11111111111111111111111111111111)
alu_r :  0x0000002f (00000000000000000000000000101111)
R[ 3] <= 0x0000002f (00000000000000000000000000101111)

fetch instr @ 0xa000002c (10100000000000000000000000101100)
MMU[0xa000002c] :  0x0000002c
Mem[0x0000002c] :  0x00621823 (00000000011000100001100000100011)
000000 | 00011 | 00010 | 00011 | 00000 | 100011
SPECIAL  rs: 3   rt: 2   rd: 3   sa: 0   SUBU   
R[ 3] :  0x0000002f (00000000000000000000000000101111)
R[ 2] :  0x00000030 (00000000000000000000000000110000)
alu_a <= 0x0000002f (00000000000000000000000000101111)
alu_b <= 0x00000030 (00000000000000000000000000110000)
alu_r :  0xffffffff (11111111111111111111111111111111)
R[ 3] <= 0xffffffff (11111111111111111111111111111111)

fetch instr @ 0xa0000030 (10100000000000000000000000110000)
MMU[0xa0000030] :  0x00000030
Mem[0x00000030] :  0x0461fffb (00000100011000011111111111111011)
000001 | 00011 | 00001 | 1111111111111011
REGIMMH  rs: 3   BGEZ    imm:0xfffb
R[ 3] :  0xffffffff (11111111111111111111111111111111)

fetch instr @ 0xa0000034 (10100000000000000000000000110100)
MMU[0xa0000034] :  0x00000034
Mem[0x00000034] :  0x00000000 (00000000000000000000000000000000)
000000 | 00000 | 00000 | 00000 | 00000 | 000000
SPECIAL  rs: 0   rt: 0   rd: 0   sa: 0   SLL    
R[ 0] :  0x00000000 (00000000000000000000000000000000)
alu_a <= 0x00000000 (00000000000000000000000000000000)
alu_b <= 0x00000000 (00000000000000000000000000000000)
alu_r :  0x00000000 (00000000000000000000000000000000)
R[ 0] <= 0x00000000 (00000000000000000000000000000000)

fetch instr @ 0xa0000038 (10100000000000000000000000111000)
MMU[0xa0000038] :  0x00000038
Mem[0x00000038] :  0x2405000a (00100100000001010000000000001010)
001001 | 00000 | 00101 | 0000000000001010
ADDIU    rs: 0   rt: 5   imm:0x000a
R[ 0] :  0x00000000 (00000000000000000000000000000000)
alu_a <= 0x00000000 (00000000000000000000000000000000)
alu_b <= 0x0000000a (00000000000000000000000000001010)
alu_r :  0x0000000a (00000000000000000000000000001010)
R[ 5] <= 0x0000000a (00000000000000000000000000001010)

fetch instr @ 0xa000003c (10100000000000000000000000111100)
MMU[0xa000003c] :  0x0000003c
Mem[0x0000003c] :  0xac850000 (10101100100001010000000000000000)
101011 | 00100 | 00101 | 0000000000000000
SW       rs: 4   rt: 5   imm:0x0000
R[ 4] :  0xbfd003f8 (10111111110100000000001111111000)
R[ 5] :  0x0000000a (00000000000000000000000000001010)
alu_a <= 0xbfd003f8 (10111111110100000000001111111000)
alu_b <= 0x00000000 (00000000000000000000000000000000)
alu_r :  0xbfd003f8 (10111111110100000000001111111000)
MMU[0xbfd003f8] :  0x1fd003f8
Mem[0x1fd003f8] <= 0x0a (00001010)

fetch instr @ 0xa0000040 (10100000000000000000000001000000)
MMU[0xa0000040] :  0x00000040
Mem[0x00000040] :  0x0000000c (00000000000000000000000000001100)
000000 | 00000 | 00000 | 00000 | 00000 | 001100
SPECIAL  rs: 0   rt: 0   rd: 0   sa: 0   SYSCALL
halt
